#** webpage fetched

root@kali:~/work# echo "01 31 39 32 2e 31 36 38 2e 31 2e 31" > dencoded
root@kali:~/work# python tasks.py 
  % Total    % Received % Xferd  Average Speed   Time    Time     Time  Current
                                 Dload  Upload   Total   Spent    Left  Speed
100   411    0   411    0     0  24176      0 --:--:-- --:--:-- --:--:-- 24176
root@kali:~/work# cat gotSite 
<html>
<head>
<meta http-equiv='Content-Type' content='text/html; charset=utf-8'>
<title>401 Unauthorized</title></head>
<body onload="document.aForm.submit()"><h1>401 Unauthorized</h1>
<p>Access to this resource is denied, your client has not supplied the correct authentication.</p><form method="post" action="unauth.cgi?id=43a94196bac7fa80d04cc14fb20142de00421298" name="aForm"></form></body>
</html>

#** complete fetch (server)

root@kali:~/work# ./Listen.sh 
waiting
gotcha
readed
done; output to dencoded
**payload
bc de f0 22
**payloadI
ab cd ef 11
**key
aa01
**payloadO
12 77 72 7C 76 3F 74 70 7E
**dencoded
01 66 61 6b 65 2e 63 6f 6d
started tasks
  % Total    % Received % Xferd  Average Speed   Time    Time     Time  Current
                                 Dload  Upload   Total   Spent    Left  Speed
  0     0    0     0    0     0      0      0 --:--:-- --:--:-- --:--:--     0curl: (6) Could not resolve host: fake.com

#** complete fetch (client)

root@host:~/werk# ./Site.sh 
What site do you want?
"fake.com"      
encoded
crafted
sent
**payload
12 77 72 7c 76 3f 74 70 7e 
**payloadI
01 66 61 6b 65 2e 63 6f 6d 
**key
aa01

#** payload cutoff issue (server)

root@kali:~/work# ./Listen.sh 
...snip...
**payloadO
00 00 00 00 00 00 00 00 00 00
**dencoded
ff ff ff ff ff ff ff ff ff ff
started tasks

#** payload cutoff issue (client)

root@host:~/werk# nano payloadI
root@host:~/werk# ./Send.sh 
encoded
crafted
sent
**payload
00 00 00 00 00 00 00 00 00 00 0 0 00 00 00
**payloadI
ff ff ff ff ff ff ff ff ff ff f f ff ff ff
**key
aa01

<the payload read by server is cutoff at the first single f>